[0/5] Building the cREXX application project
SKIP: project member current crexxrag_cli
SKIP: project member current provider_contract
SKIP: project member current provider_catalog
SKIP: project member current provider_http
SKIP: project member current industrial_provider
SKIP: project member current codex_provider
SKIP: project member current ragmodel
SKIP: project member current ragevidence
SKIP: project member current ragjob
SKIP: project member current ragconfig
SKIP: project member current ragconfigfile
SKIP: project member current ragglossary
SKIP: project member current ragprofile
SKIP: project member current ragprofilefile
SKIP: project member current ragregistry
SKIP: project member current ragschema
SKIP: project member current ragfile
SKIP: project member current ragstore
SKIP: project member current ragbackup
SKIP: project member current ragrepository
SKIP: project member current ragcanonical
SKIP: project member current raggrounding
SKIP: project member current ragperiod
SKIP: project member current ragassessment
SKIP: project member current ragenrich
SKIP: project member current ragprovenance
SKIP: project member current ragconfiguration
SKIP: project member current ragplanning
SKIP: project member current ragtrace
SKIP: project member current ragcommandcatalog
SKIP: project member current ragworkerdefaults
SKIP: project member current ragpolicypublication
SKIP: project member current ragpolicyfile
SKIP: project member current ragresultpages
SKIP: project member current ragingest
SKIP: project member current ragfolder
SKIP: project member current ragclaims
SKIP: project member current ragcommandutil
SKIP: project member current ragsqlsupport
SKIP: project member current ragdirectcalls
SKIP: project member current ragreportservice
SKIP: project member current ragobservationservice
SKIP: project member current ragqueryservice
SKIP: project member current ragoperationsquery
SKIP: project member current ragclaimrules
SKIP: project member current ragquotationcontract
SKIP: project member current ragextractioncontract
SKIP: project member current ragresolutioncontract
SKIP: project member current raganswercontract
SKIP: project member current ragreportcontract
SKIP: project member current ragpromptdefaults
SKIP: project member current ragpromptinspection
SKIP: project member current ragimprove
SKIP: project member current ragmaintain
SKIP: project member current ragbacklog
SKIP: project member current ragproposalio
SKIP: project member current raglifecycle
SKIP: project member current ragadmission
SKIP: project member current ragworktypes
SKIP: project member current ragreceipts
SKIP: project member current ragusage
SKIP: project member current ragallowance
SKIP: project member current ragwork
SKIP: project member current ragquery
SKIP: project member current ragembedding
SKIP: project member current ragretrieval
SKIP: project member current ragevidencejson
SKIP: project member current ragfoundation
SKIP: project member current ragsupervision
SKIP: project member current ragenvironment
SKIP: project member current ragproviderdiagnostics
SKIP: project member current ragapplicationprovider
SKIP: project member current ragqueryprovider
SKIP: project member current ragquerypolicy
SKIP: project member current ragcontinuation
SKIP: project member current ragproduct
SKIP: project member current architecture_local_config
SKIP: project member current generic_profile
SKIP: project member current it_architecture_profile
SKIP: project member current operator_registry
SKIP: project member current ragmcp
WAVE: project compile/assemble jobs=2
START: project member ragcommand
START: project member ragprocess
FAILED: compile project member ragcommand rc=255
INTERNAL_CONVERGENCE_ERROR: Loop failed to converge. Active flags: 0x0002
FAILED: compile project member ragprocess rc=2
Warning in ragprocess.crexx @ 359:6 - #NOT_IN_SAME_SCOPE: Implicit use creates a separate binding; the earlier same-named binding is at line 352, column 5. Declare this binding explicitly if intentional., "index"
Warning in ragprocess.crexx @ 410:8 - #NOT_IN_SAME_SCOPE: Implicit use creates a separate binding; the earlier same-named binding is at line 392, column 6. Declare this binding explicitly if intentional., "i"
Warning in ragprocess.crexx @ 421:6 - #NOT_IN_SAME_SCOPE: Implicit use creates a separate binding; the earlier same-named binding is at line 392, column 6. Declare this binding explicitly if intentional., "i"
Warning in ragprocess.crexx @ 430:6 - #NOT_IN_SAME_SCOPE: Implicit use creates a separate binding; the earlier same-named binding is at line 392, column 6. Declare this binding explicitly if intentional., "i"
Warning in ragprocess.crexx @ 499:147 - #NOT_IN_SAME_SCOPE: Implicit use creates a separate binding; the earlier same-named binding is at line 498, column 73. Declare this binding explicitly if intentional., "ignored"
Warning in ragprocess.crexx @ 546:73 - #NOT_IN_SAME_SCOPE: Implicit use creates a separate binding; the earlier same-named binding is at line 542, column 84. Declare this binding explicitly if intentional., "ignored"
Warning in ragprocess.crexx @ 547:147 - #NOT_IN_SAME_SCOPE: Implicit use creates a separate binding; the earlier same-named binding is at line 542, column 84. Declare this binding explicitly if intentional., "ignored"
Warning in ragprocess.crexx @ 563:7 - #NOT_IN_SAME_SCOPE: Implicit use creates a separate binding; the earlier same-named binding is at line 542, column 84. Declare this binding explicitly if intentional., "ignored"
Warning in ragprocess.crexx @ 569:7 - #NOT_IN_SAME_SCOPE: Implicit use creates a separate binding; the earlier same-named binding is at line 542, column 84. Declare this binding explicitly if intentional., "ignored"
Warning in ragprocess.crexx @ 615:40 - #NOT_IN_SAME_SCOPE: Implicit use creates a separate binding; the earlier same-named binding is at line 561, column 7. Declare this binding explicitly if intentional., "detail"
Warning in ragprocess.crexx @ 625:53 - #NOT_IN_SAME_SCOPE: Implicit use creates a separate binding; the earlier same-named binding is at line 542, column 84. Declare this binding explicitly if intentional., "ignored"
Warning in ragprocess.crexx @ 630:5 - #NOT_IN_SAME_SCOPE: Implicit use creates a separate binding; the earlier same-named binding is at line 542, column 84. Declare this binding explicitly if intentional., "ignored"
Warning in ragprocess.crexx @ 665:142 - #NOT_IN_SAME_SCOPE: Implicit use creates a separate binding; the earlier same-named binding is at line 664, column 78. Declare this binding explicitly if intentional., "ignored"
Warning in ragprocess.crexx @ 668:5 - #NOT_IN_SAME_SCOPE: Implicit use creates a separate binding; the earlier same-named binding is at line 664, column 78. Declare this binding explicitly if intentional., "ignored"
Warning in ragprocess.crexx @ 687:7 - #NOT_IN_SAME_SCOPE: Implicit use creates a separate binding; the earlier same-named binding is at line 664, column 78. Declare this binding explicitly if intentional., "ignored"
Warning in ragprocess.crexx @ 694:6 - #NOT_IN_SAME_SCOPE: Implicit use creates a separate binding; the earlier same-named binding is at line 681, column 6. Declare this binding explicitly if intentional., "i"
Warning in ragprocess.crexx @ 695:5 - #NOT_IN_SAME_SCOPE: Implicit use creates a separate binding; the earlier same-named binding is at line 682, column 5. Declare this binding explicitly if intentional., "worker_id"
Warning in ragprocess.crexx @ 744:10 - #NOT_IN_SAME_SCOPE: Implicit use creates a separate binding; the earlier same-named binding is at line 681, column 6. Declare this binding explicitly if intentional., "i"
Warning in ragprocess.crexx @ 761:11 - #NOT_IN_SAME_SCOPE: Implicit use creates a separate binding; the earlier same-named binding is at line 664, column 78. Declare this binding explicitly if intentional., "ignored"
Warning in ragprocess.crexx @ 764:11 - #NOT_IN_SAME_SCOPE: Implicit use creates a separate binding; the earlier same-named binding is at line 759, column 11. Declare this binding explicitly if intentional., "terminal"
Warning in ragprocess.crexx @ 764:32 - #NOT_IN_SAME_SCOPE: Implicit use creates a separate binding; the earlier same-named binding is at line 759, column 32. Declare this binding explicitly if intentional., "detail"
Warning in ragprocess.crexx @ 766:11 - #NOT_IN_SAME_SCOPE: Implicit use creates a separate binding; the earlier same-named binding is at line 664, column 78. Declare this binding explicitly if intentional., "ignored"
Warning in ragprocess.crexx @ 796:7 - #NOT_IN_SAME_SCOPE: Implicit use creates a separate binding; the earlier same-named binding is at line 776, column 9. Declare this binding explicitly if intentional., "previous_id"
Warning in ragprocess.crexx @ 799:11 - #NOT_IN_SAME_SCOPE: Implicit use creates a separate binding; the earlier same-named binding is at line 664, column 78. Declare this binding explicitly if intentional., "ignored"
Warning in ragprocess.crexx @ 828:11 - #NOT_IN_SAME_SCOPE: Implicit use creates a separate binding; the earlier same-named binding is at line 696, column 5. Declare this binding explicitly if intentional., "arguments"
Warning in ragprocess.crexx @ 829:11 - #NOT_IN_SAME_SCOPE: Implicit use creates a separate binding; the earlier same-named binding is at line 697, column 5. Declare this binding explicitly if intentional., "envelope"
Warning in ragprocess.crexx @ 830:11 - #NOT_IN_SAME_SCOPE: Implicit use creates a separate binding; the earlier same-named binding is at line 698, column 5. Declare this binding explicitly if intentional., "request"
Warning in ragprocess.crexx @ 847:5 - #NOT_IN_SAME_SCOPE: Implicit use creates a separate binding; the earlier same-named binding is at line 664, column 78. Declare this binding explicitly if intentional., "ignored"
Warning in ragprocess.crexx @ 848:8 - #NOT_IN_SAME_SCOPE: Implicit use creates a separate binding; the earlier same-named binding is at line 681, column 6. Declare this binding explicitly if intentional., "i"
Warning in ragprocess.crexx @ 855:3 - #NOT_IN_SAME_SCOPE: Implicit use creates a separate binding; the earlier same-named binding is at line 730, column 5. Declare this binding explicitly if intentional., "controller_state"
Warning in ragprocess.crexx @ 855:54 - #NOT_IN_SAME_SCOPE: Implicit use creates a separate binding; the earlier same-named binding is at line 730, column 32. Declare this binding explicitly if intentional., "controller_detail"
Warning in ragprocess.crexx @ 959:41 - #NOT_IN_SAME_SCOPE: Implicit use creates a separate binding; the earlier same-named binding is at line 954, column 59. Declare this binding explicitly if intentional., "ignored"
Warning in ragprocess.crexx @ 970:41 - #NOT_IN_SAME_SCOPE: Implicit use creates a separate binding; the earlier same-named binding is at line 965, column 59. Declare this binding explicitly if intentional., "ignored"
33 warning(s) in source file
Error in ragprocess.crexx @ 588:103 - #TYPE_MISMATCH: Type mismatch., "provider"
1 error(s) in source file
FAILED: [code=1] crexx-application/project/crexxrag-project.rxbin /Users/adrian/CLionProjects/crexx-rag/cmake-build-debug/crexx-application/project/crexxrag-project.rxbin
cd /Users/adrian/CLionProjects/crexx-rag/cmake-build-debug && /opt/homebrew/bin/cmake -E make_directory /Users/adrian/CLionProjects/crexx-rag/cmake-build-debug/crexx-application/project && /Users/adrian/.local/bin/crexx --program /Users/adrian/CLionProjects/crexx-rag/cmake-build-debug/crexx-application/project/crexxrag-project /Users/adrian/CLionProjects/crexx-rag/cmake/../crexx/application/surfaces/crexxrag_cli.crexx /Users/adrian/CLionProjects/crexx-rag/cmake/../crexx/providers/provider_contract.crexx /Users/adrian/CLionProjects/crexx-rag/cmake/../crexx/providers/provider_catalog.crexx /Users/adrian/CLionProjects/crexx-rag/cmake/../crexx/providers/provider_http.crexx /Users/adrian/CLionProjects/crexx-rag/cmake/../crexx/providers/industrial_provider.crexx /Users/adrian/CLionProjects/crexx-rag/cmake/../crexx/providers/codex_provider.crexx /Users/adrian/CLionProjects/crexx-rag/cmake/../crexx/application/ragmodel.crexx /Users/adrian/CLionProjects/crexx-rag/cmake/../crexx/application/ragevidence.crexx /Users/adrian/CLionProjects/crexx-rag/cmake/../crexx/application/ragjob.crexx /Users/adrian/CLionProjects/crexx-rag/cmake/../crexx/application/ragconfig.crexx /Users/adrian/CLionProjects/crexx-rag/cmake/../crexx/application/ragconfigfile.crexx /Users/adrian/CLionProjects/crexx-rag/cmake/../crexx/application/ragglossary.crexx /Users/adrian/CLionProjects/crexx-rag/cmake/../crexx/application/ragprofile.crexx /Users/adrian/CLionProjects/crexx-rag/cmake/../crexx/application/ragprofilefile.crexx /Users/adrian/CLionProjects/crexx-rag/cmake/../crexx/application/ragregistry.crexx /Users/adrian/CLionProjects/crexx-rag/cmake/../crexx/application/ragschema.crexx /Users/adrian/CLionProjects/crexx-rag/cmake/../crexx/application/ragfile.crexx /Users/adrian/CLionProjects/crexx-rag/cmake/../crexx/application/ragstore.crexx /Users/adrian/CLionProjects/crexx-rag/cmake/../crexx/application/ragbackup.crexx /Users/adrian/CLionProjects/crexx-rag/cmake/../crexx/application/ragrepository.crexx /Users/adrian/CLionProjects/crexx-rag/cmake/../crexx/application/ragcanonical.crexx /Users/adrian/CLionProjects/crexx-rag/cmake/../crexx/application/raggrounding.crexx /Users/adrian/CLionProjects/crexx-rag/cmake/../crexx/application/ragperiod.crexx /Users/adrian/CLionProjects/crexx-rag/cmake/../crexx/application/ragassessment.crexx /Users/adrian/CLionProjects/crexx-rag/cmake/../crexx/application/ragenrich.crexx /Users/adrian/CLionProjects/crexx-rag/cmake/../crexx/application/ragprovenance.crexx /Users/adrian/CLionProjects/crexx-rag/cmake/../crexx/application/ragconfiguration.crexx /Users/adrian/CLionProjects/crexx-rag/cmake/../crexx/application/ragplanning.crexx /Users/adrian/CLionProjects/crexx-rag/cmake/../crexx/application/ragtrace.crexx /Users/adrian/CLionProjects/crexx-rag/cmake/../crexx/application/surfaces/ragcommandcatalog.crexx /Users/adrian/CLionProjects/crexx-rag/cmake/../crexx/application/ragcommand.crexx /Users/adrian/CLionProjects/crexx-rag/cmake/../crexx/application/ragworkerdefaults.crexx /Users/adrian/CLionProjects/crexx-rag/cmake/../crexx/application/ragpolicypublication.crexx /Users/adrian/CLionProjects/crexx-rag/cmake/../crexx/application/ragpolicyfile.crexx /Users/adrian/CLionProjects/crexx-rag/cmake/../crexx/application/ragresultpages.crexx /Users/adrian/CLionProjects/crexx-rag/cmake/../crexx/application/ragingest.crexx /Users/adrian/CLionProjects/crexx-rag/cmake/../crexx/application/ragfolder.crexx /Users/adrian/CLionProjects/crexx-rag/cmake/../crexx/application/ragclaims.crexx /Users/adrian/CLionProjects/crexx-rag/cmake/../crexx/application/ragcommandutil.crexx /Users/adrian/CLionProjects/crexx-rag/cmake/../crexx/application/ragsqlsupport.crexx /Users/adrian/CLionProjects/crexx-rag/cmake/../crexx/application/ragdirectcalls.crexx /Users/adrian/CLionProjects/crexx-rag/cmake/../crexx/application/ragreportservice.crexx /Users/adrian/CLionProjects/crexx-rag/cmake/../crexx/application/ragobservationservice.crexx /Users/adrian/CLionProjects/crexx-rag/cmake/../crexx/application/ragqueryservice.crexx /Users/adrian/CLionProjects/crexx-rag/cmake/../crexx/application/ragoperationsquery.crexx /Users/adrian/CLionProjects/crexx-rag/cmake/../crexx/application/ragclaimrules.crexx /Users/adrian/CLionProjects/crexx-rag/cmake/../crexx/application/ragquotationcontract.crexx /Users/adrian/CLionProjects/crexx-rag/cmake/../crexx/application/ragextractioncontract.crexx /Users/adrian/CLionProjects/crexx-rag/cmake/../crexx/application/ragresolutioncontract.crexx /Users/adrian/CLionProjects/crexx-rag/cmake/../crexx/application/raganswercontract.crexx /Users/adrian/CLionProjects/crexx-rag/cmake/../crexx/application/ragreportcontract.crexx /Users/adrian/CLionProjects/crexx-rag/cmake/../crexx/application/ragpromptdefaults.crexx /Users/adrian/CLionProjects/crexx-rag/cmake/../crexx/application/ragpromptinspection.crexx /Users/adrian/CLionProjects/crexx-rag/cmake/../crexx/application/ragimprove.crexx /Users/adrian/CLionProjects/crexx-rag/cmake/../crexx/application/ragmaintain.crexx /Users/adrian/CLionProjects/crexx-rag/cmake/../crexx/application/ragbacklog.crexx /Users/adrian/CLionProjects/crexx-rag/cmake/../crexx/application/ragproposalio.crexx /Users/adrian/CLionProjects/crexx-rag/cmake/../crexx/application/raglifecycle.crexx /Users/adrian/CLionProjects/crexx-rag/cmake/../crexx/application/ragadmission.crexx /Users/adrian/CLionProjects/crexx-rag/cmake/../crexx/application/ragworktypes.crexx /Users/adrian/CLionProjects/crexx-rag/cmake/../crexx/application/ragreceipts.crexx /Users/adrian/CLionProjects/crexx-rag/cmake/../crexx/application/ragusage.crexx /Users/adrian/CLionProjects/crexx-rag/cmake/../crexx/application/ragallowance.crexx /Users/adrian/CLionProjects/crexx-rag/cmake/../crexx/application/ragwork.crexx /Users/adrian/CLionProjects/crexx-rag/cmake/../crexx/application/ragquery.crexx /Users/adrian/CLionProjects/crexx-rag/cmake/../crexx/application/ragembedding.crexx /Users/adrian/CLionProjects/crexx-rag/cmake/../crexx/application/ragretrieval.crexx /Users/adrian/CLionProjects/crexx-rag/cmake/../crexx/application/ragevidencejson.crexx /Users/adrian/CLionProjects/crexx-rag/cmake/../crexx/application/ragfoundation.crexx /Users/adrian/CLionProjects/crexx-rag/cmake/../crexx/application/ragprocess.crexx /Users/adrian/CLionProjects/crexx-rag/cmake/../crexx/application/ragsupervision.crexx /Users/adrian/CLionProjects/crexx-rag/cmake/../crexx/application/ragenvironment.crexx /Users/adrian/CLionProjects/crexx-rag/cmake/../crexx/application/ragproviderdiagnostics.crexx /Users/adrian/CLionProjects/crexx-rag/cmake/../crexx/application/ragapplicationprovider.crexx /Users/adrian/CLionProjects/crexx-rag/cmake/../crexx/application/ragqueryprovider.crexx /Users/adrian/CLionProjects/crexx-rag/cmake/../crexx/application/ragquerypolicy.crexx /Users/adrian/CLionProjects/crexx-rag/cmake/../crexx/application/ragcontinuation.crexx /Users/adrian/CLionProjects/crexx-rag/cmake/../crexx/application/ragproduct.crexx /Users/adrian/CLionProjects/crexx-rag/cmake/../crexx/application/config/architecture_local_config.crexx /Users/adrian/CLionProjects/crexx-rag/cmake/../crexx/application/config/profiles/generic_profile.crexx /Users/adrian/CLionProjects/crexx-rag/cmake/../crexx/application/config/profiles/it_architecture_profile.crexx /Users/adrian/CLionProjects/crexx-rag/cmake/../crexx/application/config/operator_registry.crexx /Users/adrian/CLionProjects/crexx-rag/cmake/../crexx/application/surfaces/ragmcp.crexx --jobs auto --noexec --nocolor --verbose1 -i "/Users/adrian/.local/bin/providers;/Users/adrian/.local/bin"
ninja: build stopped: subcommand failed.
