[0/5] Building the cREXX application project
WAVE: project compile/assemble jobs=83
START: project member industrial_provider
START: project member provider_http
START: project member crexxrag_cli
START: project member provider_catalog
START: project member provider_contract
START: project member ragevidence
START: project member codex_provider
START: project member ragmodel
BUILT: project member ragmodel
START: project member ragregistry
BUILT: project member ragevidence
BUILT: project member codex_provider
START: project member ragprofilefile
START: project member ragschema
BUILT: project member ragschema
BUILT: project member ragregistry
START: project member ragassessment
START: project member ragperiod
BUILT: project member ragprofilefile
START: project member raggrounding
BUILT: project member raggrounding
START: project member ragcommandcatalog
BUILT: project member ragperiod
BUILT: project member ragassessment
START: project member ragcommand
START: project member ragworkerdefaults
BUILT: project member ragworkerdefaults
START: project member ragsqlsupport
BUILT: project member ragcommandcatalog
BUILT: project member ragcommand
START: project member ragcommandutil
START: project member ragclaims
BUILT: project member ragsqlsupport
START: project member ragextractioncontract
BUILT: project member ragcommandutil
START: project member ragquotationcontract
BUILT: project member ragextractioncontract
BUILT: project member ragclaims
START: project member ragbacklog
START: project member ragclaimrules
BUILT: project member ragclaimrules
START: project member ragimprove
BUILT: project member ragimprove
START: project member ragusage
BUILT: project member ragquotationcontract
START: project member ragmaintain
BUILT: project member ragusage
BUILT: project member ragbacklog
START: project member ragprocess
START: project member ragwork
BUILT: project member provider_catalog
BUILT: project member provider_contract
START: project member ragconfig
START: project member ragconfigfile
BUILT: project member ragmaintain
START: project member ragallowance
BUILT: project member ragallowance
START: project member ragsupervision
BUILT: project member industrial_provider
BUILT: project member ragconfig
BUILT: project member provider_http
BUILT: project member crexxrag_cli
START: project member ragstore
START: project member ragglossary
START: project member ragjob
START: project member ragprofile
BUILT: project member ragglossary
BUILT: project member ragjob
START: project member ragfile
START: project member ragrepository
BUILT: project member ragstore
BUILT: project member ragprofile
BUILT: project member ragfile
START: project member ragcanonical
START: project member ragenrich
START: project member ragprovenance
BUILT: project member ragwork
BUILT: project member ragprocess
BUILT: project member ragconfigfile
BUILT: project member ragrepository
START: project member ragplanning
START: project member ragbackup
START: project member ragproduct
START: project member ragenvironment
BUILT: project member ragenvironment
START: project member generic_profile
BUILT: project member generic_profile
BUILT: project member ragsupervision
BUILT: project member ragcanonical
BUILT: project member ragprovenance
START: project member architecture_local_config
START: project member ragpolicyfile
START: project member ragtrace
BUILT: project member ragplanning
BUILT: project member ragbackup
BUILT: project member ragenrich
BUILT: project member ragtrace
BUILT: project member architecture_local_config
START: project member ragpolicypublication
BUILT: project member ragproduct
START: project member ragconfiguration
START: project member ragingest
START: project member ragfolder
BUILT: project member ragpolicyfile
START: project member ragreportservice
BUILT: project member ragpolicypublication
START: project member ragdirectcalls
BUILT: project member ragconfiguration
START: project member ragresultpages
BUILT: project member ragdirectcalls
START: project member ragresolutioncontract
BUILT: project member ragresultpages
START: project member ragobservationservice
BUILT: project member ragingest
START: project member ragqueryservice
BUILT: project member ragfolder
START: project member ragoperationsquery
BUILT: project member ragresolutioncontract
START: project member ragproposalio
BUILT: project member ragreportservice
START: project member raganswercontract
BUILT: project member raganswercontract
START: project member raglifecycle
BUILT: project member ragobservationservice
START: project member ragreportcontract
BUILT: project member ragproposalio
START: project member ragquery
BUILT: project member ragqueryservice
BUILT: project member raglifecycle
BUILT: project member ragoperationsquery
START: project member ragembedding
START: project member ragpromptdefaults
START: project member ragpromptinspection
BUILT: project member ragreportcontract
START: project member ragadmission
BUILT: project member ragadmission
START: project member ragretrieval
BUILT: project member ragquery
START: project member ragproviderdiagnostics
BUILT: project member ragembedding
BUILT: project member ragpromptinspection
BUILT: project member ragpromptdefaults
START: project member ragreceipts
START: project member ragworktypes
START: project member ragapplicationprovider
BUILT: project member ragretrieval
START: project member ragqueryprovider
BUILT: project member ragproviderdiagnostics
BUILT: project member ragreceipts
BUILT: project member ragworktypes
START: project member it_architecture_profile
START: project member ragevidencejson
START: project member ragfoundation
BUILT: project member ragapplicationprovider
START: project member operator_registry
BUILT: project member it_architecture_profile
BUILT: project member ragfoundation
BUILT: project member ragqueryprovider
START: project member ragmcp
START: project member ragcontinuation
BUILT: project member ragcontinuation
BUILT: project member ragevidencejson
START: project member ragquerypolicy
BUILT: project member operator_registry
BUILT: project member ragmcp
BUILT: project member ragquerypolicy
BARRIER: link program
PUBLISHED: program /Users/adrian/CLionProjects/crexx-rag-review/cmake-build-debug/crexx-application/project/crexxrag-project.rxbin
[1/5] Building the ADDRESS RAG environment module
WAVE: project compile/assemble jobs=1
START: project member rag_address_environment
BUILT: project member rag_address_environment
BARRIER: link library
PUBLISHED: library /Users/adrian/CLionProjects/crexx-rag-review/cmake-build-debug/crexx-application/address/rag_address_environment.rxbin
[2/5] Publishing the linked Level-G crexxrag application
-- Built linked cREXX application /Users/adrian/CLionProjects/crexx-rag-review/cmake-build-debug/crexx-application/crexxrag.rxbin (36e7c718868e35b049d0e4f9948592c129f11512640b713f778db01f6d99d7b8)
[3/5] Staging the runnable crexxrag product directory
[4/5] Packaging the native crexxrag executable
-- CREXX native application passed library init and two-worker supervision (72f7ec6ef88cf286b978dfebdf85305347febc4cd3e5197a6bfe2908913e9aba)
