[0/5] Building the cREXX application project
SKIP: project member current provider_contract
SKIP: project member current provider_catalog
SKIP: project member current codex_provider
SKIP: project member current ragmodel
SKIP: project member current ragevidence
SKIP: project member current ragjob
SKIP: project member current ragconfig
SKIP: project member current ragconfigfile
SKIP: project member current ragglossary
SKIP: project member current ragprofile
SKIP: project member current ragprofilefile
SKIP: project member current ragregistry
SKIP: project member current ragfile
SKIP: project member current ragcanonical
SKIP: project member current raggrounding
SKIP: project member current ragperiod
SKIP: project member current ragassessment
SKIP: project member current ragtrace
SKIP: project member current ragcommandcatalog
SKIP: project member current ragcommand
SKIP: project member current ragworkerdefaults
SKIP: project member current ragpolicypublication
SKIP: project member current ragpolicyfile
SKIP: project member current ragcommandutil
SKIP: project member current ragsqlsupport
SKIP: project member current ragquotationcontract
SKIP: project member current ragextractioncontract
SKIP: project member current raganswercontract
SKIP: project member current ragreportcontract
SKIP: project member current ragpromptdefaults
SKIP: project member current raglifecycle
SKIP: project member current ragadmission
SKIP: project member current ragquerypolicy
SKIP: project member current architecture_local_config
SKIP: project member current generic_profile
SKIP: project member current it_architecture_profile
SKIP: project member current operator_registry
WAVE: project compile/assemble jobs=46
START: project member ragstore
START: project member ragresolutioncontract
START: project member ragmaintain
START: project member ragclaims
START: project member ragbacklog
START: project member crexxrag_cli
START: project member ragclaimrules
START: project member ragpromptinspection
START: project member ragobservationservice
START: project member ragreportservice
START: project member ragrepository
START: project member provider_http
START: project member ragconfiguration
START: project member ragqueryservice
START: project member ragimprove
START: project member ragprovenance
START: project member ragingest
START: project member ragfolder
START: project member ragbackup
START: project member ragoperationsquery
START: project member ragworktypes
START: project member ragdirectcalls
START: project member ragresultpages
START: project member ragenrich
START: project member ragplanning
START: project member industrial_provider
START: project member ragschema
BUILT: project member ragschema
START: project member ragembedding
START: project member ragusage
BUILT: project member ragstore
BUILT: project member ragresolutioncontract
START: project member ragretrieval
START: project member ragproposalio
START: project member ragreceipts
BUILT: project member ragrepository
BUILT: project member crexxrag_cli
BUILT: project member ragoperationsquery
BUILT: project member provider_http
START: project member ragallowance
START: project member ragwork
START: project member ragfoundation
BUILT: project member ragconfiguration
BUILT: project member ragingest
BUILT: project member ragclaimrules
BUILT: project member ragreportservice
BUILT: project member ragpromptinspection
BUILT: project member ragbackup
BUILT: project member ragprovenance
BUILT: project member ragobservationservice
BUILT: project member ragqueryservice
BUILT: project member ragfolder
BUILT: project member ragimprove
START: project member ragqueryprovider
START: project member ragsupervision
START: project member ragevidencejson
BUILT: project member ragmaintain
BUILT: project member ragbacklog
BUILT: project member ragclaims
START: project member ragproduct
BUILT: project member ragproposalio
START: project member ragcontinuation
BUILT: project member ragreceipts
BUILT: project member ragretrieval
BUILT: project member ragcontinuation
START: project member ragenvironment
BUILT: project member industrial_provider
BUILT: project member ragfoundation
BUILT: project member ragusage
BUILT: project member ragplanning
BUILT: project member ragworktypes
BUILT: project member ragresultpages
BUILT: project member ragenrich
BUILT: project member ragdirectcalls
BUILT: project member ragembedding
BUILT: project member ragsupervision
START: project member ragquery
START: project member ragmcp
START: project member ragapplicationprovider
START: project member ragprocess
START: project member ragproviderdiagnostics
BUILT: project member ragproviderdiagnostics
BUILT: project member ragallowance
BUILT: project member ragwork
BUILT: project member ragqueryprovider
BUILT: project member ragevidencejson
BUILT: project member ragenvironment
BUILT: project member ragprocess
BUILT: project member ragapplicationprovider
BUILT: project member ragmcp
BUILT: project member ragproduct
BUILT: project member ragquery
BARRIER: link program
PUBLISHED: program /Users/adrian/CLionProjects/crexx-rag/cmake-build-debug/crexx-application/project/crexxrag-project.rxbin
[1/5] Building the ADDRESS RAG environment module
WAVE: project compile/assemble jobs=1
START: project member rag_address_environment
BUILT: project member rag_address_environment
BARRIER: link library
PUBLISHED: library /Users/adrian/CLionProjects/crexx-rag/cmake-build-debug/crexx-application/address/rag_address_environment.rxbin
[2/5] Publishing the linked Level-G crexxrag application
-- Built linked cREXX application /Users/adrian/CLionProjects/crexx-rag/cmake-build-debug/crexx-application/crexxrag.rxbin (7551fc5426a3f6dbe6e5b8687ea4979760a2985a11a7d3343ba5c85dacf9a5f9)
[3/5] Staging the runnable crexxrag product directory
[4/5] Packaging the native crexxrag executable
-- CREXX native application passed library init and two-worker supervision (32c4ac3f10340b590012ab344e1780fbc33c71eb66ac4e9503ab0ddf6d1f4bb7)
