[0/5] Building the cREXX application project
SKIP: project member current provider_contract
SKIP: project member current provider_catalog
SKIP: project member current codex_provider
SKIP: project member current ragmodel
SKIP: project member current ragevidence
SKIP: project member current ragjob
SKIP: project member current ragconfig
SKIP: project member current ragconfigfile
SKIP: project member current ragglossary
SKIP: project member current ragprofile
SKIP: project member current ragprofilefile
SKIP: project member current ragregistry
SKIP: project member current ragfile
SKIP: project member current ragcanonical
SKIP: project member current raggrounding
SKIP: project member current ragperiod
SKIP: project member current ragassessment
SKIP: project member current ragtrace
SKIP: project member current ragcommandcatalog
SKIP: project member current ragcommand
SKIP: project member current ragworkerdefaults
SKIP: project member current ragpolicypublication
SKIP: project member current ragpolicyfile
SKIP: project member current ragcommandutil
SKIP: project member current ragsqlsupport
SKIP: project member current ragquotationcontract
SKIP: project member current ragextractioncontract
SKIP: project member current raganswercontract
SKIP: project member current ragreportcontract
SKIP: project member current ragpromptdefaults
SKIP: project member current raglifecycle
SKIP: project member current ragadmission
SKIP: project member current ragquerypolicy
SKIP: project member current architecture_local_config
SKIP: project member current generic_profile
SKIP: project member current it_architecture_profile
SKIP: project member current operator_registry
WAVE: project compile/assemble jobs=46
START: project member ragbackup
START: project member ragclaims
START: project member ragproposalio
START: project member industrial_provider
START: project member ragpromptinspection
START: project member ragmaintain
START: project member ragobservationservice
START: project member ragschema
START: project member ragfolder
START: project member ragprovenance
START: project member ragclaimrules
START: project member ragresolutioncontract
START: project member ragimprove
START: project member ragoperationsquery
START: project member provider_http
START: project member crexxrag_cli
START: project member ragresultpages
START: project member ragdirectcalls
START: project member ragworktypes
START: project member ragenrich
START: project member ragconfiguration
BUILT: project member ragworktypes
BUILT: project member ragdirectcalls
START: project member ragmcp
START: project member ragqueryservice
START: project member ragreportservice
START: project member ragbacklog
START: project member ragstore
START: project member ragusage
START: project member ragplanning
BUILT: project member ragbackup
BUILT: project member ragenrich
START: project member ragevidencejson
START: project member ragprocess
START: project member ragrepository
BUILT: project member ragproposalio
BUILT: project member ragrepository
START: project member ragfoundation
BUILT: project member ragconfiguration
BUILT: project member ragresultpages
START: project member ragapplicationprovider
START: project member ragreceipts
START: project member ragingest
BUILT: project member ragobservationservice
BUILT: project member provider_http
BUILT: project member ragstore
BUILT: project member crexxrag_cli
BUILT: project member ragclaimrules
BUILT: project member ragoperationsquery
BUILT: project member ragmcp
START: project member ragallowance
START: project member ragwork
START: project member ragretrieval
BUILT: project member ragclaims
START: project member ragenvironment
START: project member ragproduct
BUILT: project member ragprovenance
BUILT: project member industrial_provider
BUILT: project member ragmaintain
BUILT: project member ragresolutioncontract
BUILT: project member ragpromptinspection
BUILT: project member ragfolder
BUILT: project member ragimprove
BUILT: project member ragschema
START: project member ragembedding
START: project member ragquery
START: project member ragsupervision
START: project member ragcontinuation
BUILT: project member ragreceipts
BUILT: project member ragingest
START: project member ragqueryprovider
BUILT: project member ragreportservice
BUILT: project member ragplanning
BUILT: project member ragusage
BUILT: project member ragbacklog
BUILT: project member ragqueryservice
START: project member ragproviderdiagnostics
BUILT: project member ragfoundation
BUILT: project member ragevidencejson
BUILT: project member ragprocess
BUILT: project member ragwork
BUILT: project member ragretrieval
BUILT: project member ragapplicationprovider
BUILT: project member ragallowance
BUILT: project member ragenvironment
BUILT: project member ragcontinuation
BUILT: project member ragembedding
BUILT: project member ragquery
BUILT: project member ragsupervision
BUILT: project member ragqueryprovider
BUILT: project member ragproduct
BUILT: project member ragproviderdiagnostics
BARRIER: link program
PUBLISHED: program /Users/adrian/CLionProjects/crexx-rag/cmake-build-debug/crexx-application/project/crexxrag-project.rxbin
[1/5] Building the ADDRESS RAG environment module
WAVE: project compile/assemble jobs=1
START: project member rag_address_environment
BUILT: project member rag_address_environment
BARRIER: link library
PUBLISHED: library /Users/adrian/CLionProjects/crexx-rag/cmake-build-debug/crexx-application/address/rag_address_environment.rxbin
[2/5] Publishing the linked Level-G crexxrag application
-- Built linked cREXX application /Users/adrian/CLionProjects/crexx-rag/cmake-build-debug/crexx-application/crexxrag.rxbin (5665d85eb90c589c82397613b1ac485b4dd0fcdd45c83cf7d9b2bf97181325e1)
[3/5] Staging the runnable crexxrag product directory
[4/5] Packaging the native crexxrag executable
-- CREXX native application passed library init and two-worker supervision (ef14f76fb87ae9608bc1ec565a9efc545e482388a10190f0b52788f76930e014)
