[0/5] Building the cREXX application project
SKIP: project member current provider_contract
SKIP: project member current provider_catalog
SKIP: project member current codex_provider
SKIP: project member current ragmodel
SKIP: project member current ragevidence
SKIP: project member current ragjob
SKIP: project member current ragconfig
SKIP: project member current ragconfigfile
SKIP: project member current ragglossary
SKIP: project member current ragprofile
SKIP: project member current ragprofilefile
SKIP: project member current ragregistry
SKIP: project member current ragfile
SKIP: project member current ragcanonical
SKIP: project member current raggrounding
SKIP: project member current ragperiod
SKIP: project member current ragassessment
SKIP: project member current ragtrace
SKIP: project member current ragcommandcatalog
SKIP: project member current ragcommand
SKIP: project member current ragworkerdefaults
SKIP: project member current ragpolicypublication
SKIP: project member current ragpolicyfile
SKIP: project member current ragcommandutil
SKIP: project member current ragsqlsupport
SKIP: project member current ragquotationcontract
SKIP: project member current ragextractioncontract
SKIP: project member current raganswercontract
SKIP: project member current ragreportcontract
SKIP: project member current ragpromptdefaults
SKIP: project member current raglifecycle
SKIP: project member current ragadmission
SKIP: project member current ragquerypolicy
SKIP: project member current architecture_local_config
SKIP: project member current generic_profile
SKIP: project member current it_architecture_profile
SKIP: project member current operator_registry
WAVE: project compile/assemble jobs=46
START: project member provider_http
START: project member ragbacklog
START: project member ragreceipts
START: project member ragbackup
START: project member ragproposalio
BUILT: project member ragbackup
START: project member ragevidencejson
START: project member ragdirectcalls
START: project member ragworktypes
START: project member ragimprove
START: project member ragusage
BUILT: project member ragworktypes
BUILT: project member ragdirectcalls
START: project member ragmcp
START: project member ragmaintain
BUILT: project member ragreceipts
BUILT: project member ragmaintain
BUILT: project member ragproposalio
BUILT: project member ragimprove
BUILT: project member ragusage
START: project member ragprovenance
START: project member ragreportservice
START: project member ragclaimrules
START: project member ragresultpages
START: project member ragclaims
START: project member ragobservationservice
START: project member ragoperationsquery
START: project member ragresolutioncontract
START: project member industrial_provider
START: project member ragingest
START: project member ragstore
START: project member ragenrich
START: project member crexxrag_cli
START: project member ragschema
START: project member ragrepository
START: project member ragqueryservice
BUILT: project member ragrepository
START: project member ragfoundation
START: project member ragconfiguration
START: project member ragfolder
START: project member ragpromptinspection
START: project member ragplanning
BUILT: project member ragmcp
BUILT: project member ragplanning
START: project member ragproviderdiagnostics
BUILT: project member ragbacklog
BUILT: project member ragschema
BUILT: project member ragevidencejson
BUILT: project member provider_http
START: project member ragwork
BUILT: project member ragqueryservice
START: project member ragembedding
BUILT: project member ragfolder
BUILT: project member ragpromptinspection
START: project member ragcontinuation
BUILT: project member ragresultpages
BUILT: project member ragclaimrules
BUILT: project member ragobservationservice
BUILT: project member ragresolutioncontract
BUILT: project member ragclaims
BUILT: project member ragstore
BUILT: project member industrial_provider
BUILT: project member ragoperationsquery
BUILT: project member ragingest
BUILT: project member ragprovenance
START: project member ragquery
START: project member ragretrieval
START: project member ragapplicationprovider
START: project member ragsupervision
START: project member ragqueryprovider
BUILT: project member ragfoundation
BUILT: project member crexxrag_cli
START: project member ragallowance
BUILT: project member ragallowance
START: project member ragproduct
BUILT: project member ragenrich
BUILT: project member ragconfiguration
START: project member ragprocess
START: project member ragenvironment
BUILT: project member ragreportservice
BUILT: project member ragembedding
BUILT: project member ragenvironment
BUILT: project member ragprocess
BUILT: project member ragwork
BUILT: project member ragproviderdiagnostics
BUILT: project member ragqueryprovider
BUILT: project member ragquery
BUILT: project member ragcontinuation
BUILT: project member ragsupervision
BUILT: project member ragretrieval
BUILT: project member ragapplicationprovider
BUILT: project member ragproduct
BARRIER: link program
PUBLISHED: program /Users/adrian/CLionProjects/crexx-rag/cmake-build-debug/crexx-application/project/crexxrag-project.rxbin
[1/5] Building the ADDRESS RAG environment module
WAVE: project compile/assemble jobs=1
START: project member rag_address_environment
BUILT: project member rag_address_environment
FAILED: project inputs changed during compilation; retry the build
[2/5] Publishing the linked Level-G crexxrag application
-- Built linked cREXX application /Users/adrian/CLionProjects/crexx-rag/cmake-build-debug/crexx-application/crexxrag.rxbin (75532c15dd79523747594a02b725b604d8d9d28a0f22be1c6143b360deb83758)
[3/5] Staging the runnable crexxrag product directory
FAILED: [code=1] crexx-application/address/rag_address_environment.rxbin /Users/adrian/CLionProjects/crexx-rag/cmake-build-debug/crexx-application/address/rag_address_environment.rxbin 
cd /Users/adrian/CLionProjects/crexx-rag/cmake-build-debug && /opt/homebrew/bin/cmake -E make_directory /Users/adrian/CLionProjects/crexx-rag/cmake-build-debug/crexx-application/address && /Users/adrian/.local/bin/crexx --library /Users/adrian/CLionProjects/crexx-rag/cmake-build-debug/crexx-application/address/rag_address_environment /Users/adrian/CLionProjects/crexx-rag/cmake/../crexx/application/surfaces/rag_address_environment.crexx --jobs 1 --noexec --nocolor --verbose1 -s "/Users/adrian/CLionProjects/crexx-rag/cmake/../crexx/providers;/Users/adrian/CLionProjects/crexx-rag/cmake/../crexx/application;/Users/adrian/CLionProjects/crexx-rag/cmake/../crexx/application/config;/Users/adrian/CLionProjects/crexx-rag/cmake/../crexx/application/config/profiles" -i "/Users/adrian/.local/bin/providers;/Users/adrian/.local/bin"
ninja: build stopped: subcommand failed.
