cmake/AdmissionRegression.cmake: OK
cmake/AnnMethodology.cmake: OK
cmake/CrexxRagTests.cmake: OK
cmake/DurableBacklog.cmake: OK
cmake/EvidenceMethodology.cmake: OK
cmake/FullVolume.cmake: OK
cmake/LifecycleMethodology.cmake: OK
cmake/LifecycleRegression.cmake: OK
cmake/MaintenanceMethodology.cmake: OK
cmake/NativeInterruption.cmake: OK
cmake/NativeLifecycle.cmake: OK
cmake/ProviderDurability.cmake: OK
cmake/Publication.cmake: OK
cmake/SmokeStatus.cmake: OK
cmake/TemporalProvenance.cmake: OK
crexx/application/raglifecycle.crexx: OK
crexx/application/ragoperationsquery.crexx: OK
crexx/application/ragprocess.crexx: OK
crexx/application/ragproduct.crexx: OK
crexx/application/ragreportservice.crexx: OK
crexx/application/ragrepository.crexx: OK
crexx/application/ragsupervision.crexx: OK
crexx/application/ragwork.crexx: OK
crexx/application/tests/supervision_regression.crexx: OK
