[0/7] Building the cREXX application project
WAVE: project compile/assemble jobs=83
START: project member ragcommandcatalog
START: project member ragperiod
START: project member ragconfigfile
START: project member ragrepository
START: project member industrial_provider
START: project member ragbackup
START: project member ragprofilefile
START: project member ragregistry
START: project member codex_provider
START: project member ragschema
START: project member crexxrag_cli
START: project member ragprovenance
START: project member ragfile
START: project member ragevidence
START: project member ragconfig
START: project member ragstore
START: project member provider_http
START: project member ragcanonical
START: project member ragassessment
BUILT: project member ragassessment
START: project member ragimprove
BUILT: project member ragcanonical
START: project member ragreportcontract
BUILT: project member ragimprove
BUILT: project member ragreportcontract
START: project member it_architecture_profile
BUILT: project member it_architecture_profile
START: project member ragenrich
START: project member ragglossary
START: project member provider_contract
START: project member ragmodel
START: project member raggrounding
START: project member ragtrace
START: project member ragconfiguration
START: project member provider_catalog
START: project member ragprofile
BUILT: project member ragfile
START: project member ragquotationcontract
BUILT: project member ragregistry
BUILT: project member ragprofilefile
BUILT: project member ragevidence
START: project member ragoperationsquery
START: project member ragqueryservice
BUILT: project member provider_catalog
START: project member ragpolicypublication
START: project member ragjob
START: project member ragplanning
BUILT: project member ragstore
START: project member ragextractioncontract
BUILT: project member ragconfig
START: project member ragsqlsupport
BUILT: project member ragplanning
BUILT: project member ragjob
BUILT: project member ragextractioncontract
BUILT: project member ragpolicypublication
START: project member ragcommandutil
START: project member raglifecycle
START: project member ragallowance
START: project member ragproduct
BUILT: project member ragsqlsupport
BUILT: project member ragcommandutil
START: project member ragfoundation
BUILT: project member ragallowance
START: project member ragprocess
BUILT: project member ragprofile
START: project member ragobservationservice
BUILT: project member ragprovenance
BUILT: project member raggrounding
BUILT: project member ragglossary
START: project member ragreportservice
BUILT: project member ragtrace
BUILT: project member provider_http
BUILT: project member raglifecycle
START: project member ragadmission
START: project member ragpolicyfile
BUILT: project member ragoperationsquery
BUILT: project member ragfoundation
START: project member ragqueryprovider
START: project member ragpromptdefaults
START: project member ragclaims
BUILT: project member ragschema
BUILT: project member industrial_provider
BUILT: project member ragcommandcatalog
BUILT: project member ragmodel
BUILT: project member ragperiod
BUILT: project member ragconfiguration
START: project member ragresultpages
START: project member ragfolder
BUILT: project member ragresultpages
START: project member ragquery
BUILT: project member ragfolder
START: project member ragretrieval
START: project member ragworktypes
START: project member ragclaimrules
START: project member ragbacklog
BUILT: project member ragclaimrules
START: project member ragquerypolicy
BUILT: project member ragquerypolicy
BUILT: project member ragworktypes
BUILT: project member ragbacklog
BUILT: project member codex_provider
BUILT: project member crexxrag_cli
BUILT: project member ragconfigfile
BUILT: project member ragbackup
BUILT: project member ragenrich
BUILT: project member ragrepository
BUILT: project member ragquotationcontract
BUILT: project member provider_contract
START: project member ragresolutioncontract
START: project member ragcontinuation
START: project member ragworkerdefaults
START: project member ragdirectcalls
START: project member raganswercontract
START: project member ragpromptinspection
BUILT: project member ragadmission
BUILT: project member ragqueryservice
START: project member ragapplicationprovider
BUILT: project member ragproduct
BUILT: project member ragprocess
START: project member ragingest
START: project member ragmaintain
START: project member ragcommand
BUILT: project member ragcommand
START: project member ragreceipts
BUILT: project member ragquery
BUILT: project member ragingest
START: project member ragembedding
START: project member ragproposalio
BUILT: project member ragobservationservice
START: project member ragproviderdiagnostics
BUILT: project member ragmaintain
BUILT: project member ragclaims
BUILT: project member ragpolicyfile
BUILT: project member ragreportservice
BUILT: project member ragpromptdefaults
START: project member ragenvironment
START: project member ragwork
BUILT: project member ragpromptinspection
BUILT: project member ragworkerdefaults
BUILT: project member ragcontinuation
START: project member ragevidencejson
START: project member ragusage
BUILT: project member ragusage
BUILT: project member ragreceipts
BUILT: project member ragapplicationprovider
START: project member ragmcp
BUILT: project member ragretrieval
BUILT: project member ragresolutioncontract
BUILT: project member ragdirectcalls
BUILT: project member ragqueryprovider
BUILT: project member raganswercontract
START: project member ragsupervision
BUILT: project member ragproposalio
BUILT: project member ragembedding
START: project member architecture_local_config
START: project member generic_profile
BUILT: project member generic_profile
BUILT: project member ragsupervision
BUILT: project member architecture_local_config
START: project member operator_registry
BUILT: project member ragproviderdiagnostics
BUILT: project member ragevidencejson
BUILT: project member ragenvironment
BUILT: project member operator_registry
BUILT: project member ragwork
BUILT: project member ragmcp
BARRIER: link program
PUBLISHED: program /Users/adrian/CLionProjects/crexx-rag/cmake-build-debug/crexx-application/project/crexxrag-project.rxbin
[2/7] Linking CXX executable crexxrag_provider_fixture
[3/7] Building the ADDRESS RAG environment module
WAVE: project compile/assemble jobs=1
START: project member rag_address_environment
BUILT: project member rag_address_environment
BARRIER: link library
PUBLISHED: library /Users/adrian/CLionProjects/crexx-rag/cmake-build-debug/crexx-application/address/rag_address_environment.rxbin
[4/7] Publishing the linked Level-G crexxrag application
-- Built linked cREXX application /Users/adrian/CLionProjects/crexx-rag/cmake-build-debug/crexx-application/crexxrag.rxbin (ad7dbac81f157b52c9e97ef932516cf940522e6c26a4c37e66837d29904ff1d5)
[5/7] Staging the runnable crexxrag product directory
[6/7] Packaging the native crexxrag executable
-- CREXX native application passed library init and two-worker supervision (ba35a980f1a4bcc06ea7cae5e6011bd4aeb0e123cbac3a7bf705d23b68737816)
