crexxrag controller start workers=8
crexxrag heartbeat worker-cb7a636253ad461a135d57cedaf9e1c8 retry=1/2: write process heartbeat: database is locked [boundary=-6,sqlite=5,extended=5,operation=step]
crexxrag heartbeat worker-b9fe67fb6fc295c8b5bcf0ac3440af53 retry=1/2: write process heartbeat: database is locked [boundary=-6,sqlite=5,extended=5,operation=step]
crexxrag heartbeat controller-9ca4b364b485551aed8787993ff4d264 retry=1/2: write process heartbeat: database is locked [boundary=-6,sqlite=5,extended=5,operation=step]
crexxrag heartbeat worker-ee33817e45b1a2d9b89a3b8486a3d78c retry=1/2: write process heartbeat: database is locked [boundary=-6,sqlite=5,extended=5,operation=step]
crexxrag heartbeat worker-4d8e3e1cdbf450b7ca260200f1c28359 retry=1/2: write process heartbeat: database is locked [boundary=-6,sqlite=5,extended=5,operation=step]
crexxrag lock retry=1/5: begin provider reservation: database is locked [boundary=-6,sqlite=5,extended=5,operation=exec]
crexxrag heartbeat controller-9ca4b364b485551aed8787993ff4d264 retry=1/2: write process heartbeat: database is locked [boundary=-6,sqlite=5,extended=5,operation=step]
crexxrag heartbeat worker-ee33817e45b1a2d9b89a3b8486a3d78c retry=1/2: write process heartbeat: database is locked [boundary=-6,sqlite=5,extended=5,operation=step]
crexxrag heartbeat controller-9ca4b364b485551aed8787993ff4d264 retry=1/2: write process heartbeat: database is locked [boundary=-6,sqlite=5,extended=5,operation=step]
crexxrag lock retry=1/5: begin provider reservation: database is locked [boundary=-6,sqlite=5,extended=5,operation=exec]
crexxrag lock retry=1/5: begin provider reservation: database is locked [boundary=-6,sqlite=5,extended=5,operation=exec]
crexxrag lock retry=1/5: begin provider admission: database is locked [boundary=-6,sqlite=5,extended=5,operation=exec]
crexxrag heartbeat worker-76c7d8dddb6908767ecf43b62e755cbc retry=1/2: write process heartbeat: database is locked [boundary=-6,sqlite=5,extended=5,operation=step]
crexxrag heartbeat controller-9ca4b364b485551aed8787993ff4d264 retry=1/2: write process heartbeat: database is locked [boundary=-6,sqlite=5,extended=5,operation=step]
crexxrag lock retry=1/5: persist external provider state: database is locked [boundary=-6,sqlite=5,extended=5,operation=exec]
crexxrag heartbeat controller-9ca4b364b485551aed8787993ff4d264 retry=1/2: write process heartbeat: database is locked [boundary=-6,sqlite=5,extended=5,operation=step]
crexxrag heartbeat worker-b9fe67fb6fc295c8b5bcf0ac3440af53 retry=1/2: write process heartbeat: database is locked [boundary=-6,sqlite=5,extended=5,operation=step]
crexxrag heartbeat controller-9ca4b364b485551aed8787993ff4d264 retry=1/2: write process heartbeat: database is locked [boundary=-6,sqlite=5,extended=5,operation=step]
crexxrag lock retry=1/5: persist external provider state: database is locked [boundary=-6,sqlite=5,extended=5,operation=exec]
crexxrag heartbeat worker-977161015ed6d2985265f6f0ed86bced retry=1/2: write process heartbeat: database is locked [boundary=-6,sqlite=5,extended=5,operation=step]
crexxrag lock retry=1/5: begin provider admission: database is locked [boundary=-6,sqlite=5,extended=5,operation=exec]
crexxrag heartbeat worker-ee33817e45b1a2d9b89a3b8486a3d78c retry=1/2: write process heartbeat: database is locked [boundary=-6,sqlite=5,extended=5,operation=step]
crexxrag lock retry=1/5: persist external provider state: database is locked [boundary=-6,sqlite=5,extended=5,operation=exec]
crexxrag lock retry=1/5: begin provider reservation: database is locked [boundary=-6,sqlite=5,extended=5,operation=exec]
crexxrag lock retry=1/5: persist external provider state: database is locked [boundary=-6,sqlite=5,extended=5,operation=exec]
crexxrag heartbeat worker-b9fe67fb6fc295c8b5bcf0ac3440af53 retry=1/2: write process heartbeat: database is locked [boundary=-6,sqlite=5,extended=5,operation=step]
crexxrag heartbeat worker-ee33817e45b1a2d9b89a3b8486a3d78c retry=1/2: write process heartbeat: database is locked [boundary=-6,sqlite=5,extended=5,operation=step]
crexxrag lock retry=1/5: begin provider admission: database is locked [boundary=-6,sqlite=5,extended=5,operation=exec]
crexxrag lock retry=1/5: persist external provider state: database is locked [boundary=-6,sqlite=5,extended=5,operation=exec]
crexxrag heartbeat worker-ee33817e45b1a2d9b89a3b8486a3d78c retry=1/2: write process heartbeat: database is locked [boundary=-6,sqlite=5,extended=5,operation=step]
crexxrag heartbeat worker-4d8e3e1cdbf450b7ca260200f1c28359 retry=1/2: write process heartbeat: database is locked [boundary=-6,sqlite=5,extended=5,operation=step]
crexxrag heartbeat controller-9ca4b364b485551aed8787993ff4d264 retry=1/2: write process heartbeat: database is locked [boundary=-6,sqlite=5,extended=5,operation=step]
crexxrag lock retry=1/5: begin provider reservation: database is locked [boundary=-6,sqlite=5,extended=5,operation=exec]
crexxrag heartbeat worker-896bf08769ce5f00c41ee17cbb621761 retry=1/2: write process heartbeat: database is locked [boundary=-6,sqlite=5,extended=5,operation=step]
crexxrag lock retry=1/5: persist external provider state: database is locked [boundary=-6,sqlite=5,extended=5,operation=exec]
crexxrag lock retry=2/5: persist external provider state: database is locked [boundary=-6,sqlite=5,extended=5,operation=exec]
crexxrag lock retry=1/5: persist external provider state: database is locked [boundary=-6,sqlite=5,extended=5,operation=exec]
crexxrag lock retry=1/5: begin provider receipt: database is locked [boundary=-6,sqlite=5,extended=5,operation=exec]
crexxrag lock retry=1/5: begin failed attempt: database is locked [boundary=-6,sqlite=5,extended=5,operation=exec]
crexxrag heartbeat worker-4d8e3e1cdbf450b7ca260200f1c28359 retry=1/2: write process heartbeat: database is locked [boundary=-6,sqlite=5,extended=5,operation=step]
crexxrag heartbeat controller-9ca4b364b485551aed8787993ff4d264 retry=1/2: write process heartbeat: database is locked [boundary=-6,sqlite=5,extended=5,operation=step]
crexxrag lock retry=1/5: begin external provider run: database is locked [boundary=-6,sqlite=5,extended=5,operation=exec]
crexxrag heartbeat worker-eeaf2d2bfcee39b8117e9e8054b241ff retry=1/2: write process heartbeat: database is locked [boundary=-6,sqlite=5,extended=5,operation=step]
crexxrag lock retry=1/5: persist external provider state: database is locked [boundary=-6,sqlite=5,extended=5,operation=exec]
crexxrag heartbeat controller-9ca4b364b485551aed8787993ff4d264 retry=1/2: write process heartbeat: database is locked [boundary=-6,sqlite=5,extended=5,operation=step]
crexxrag lock retry=1/5: begin provider admission: database is locked [boundary=-6,sqlite=5,extended=5,operation=exec]
crexxrag lock retry=1/5: begin provider admission release: database is locked [boundary=-6,sqlite=5,extended=5,operation=exec]
crexxrag heartbeat worker-896bf08769ce5f00c41ee17cbb621761 retry=1/2: write process heartbeat: database is locked [boundary=-6,sqlite=5,extended=5,operation=step]
crexxrag lock retry=1/5: persist external provider state: database is locked [boundary=-6,sqlite=5,extended=5,operation=exec]
crexxrag lock retry=1/5: begin provider admission release: database is locked [boundary=-6,sqlite=5,extended=5,operation=exec]
crexxrag heartbeat worker-4d8e3e1cdbf450b7ca260200f1c28359 retry=1/2: write process heartbeat: database is locked [boundary=-6,sqlite=5,extended=5,operation=step]
crexxrag heartbeat worker-eeaf2d2bfcee39b8117e9e8054b241ff retry=1/2: write process heartbeat: database is locked [boundary=-6,sqlite=5,extended=5,operation=step]
crexxrag lock retry=1/5: begin provider admission: database is locked [boundary=-6,sqlite=5,extended=5,operation=exec]
crexxrag heartbeat worker-ee33817e45b1a2d9b89a3b8486a3d78c retry=1/2: write process heartbeat: database is locked [boundary=-6,sqlite=5,extended=5,operation=step]
crexxrag heartbeat controller-9ca4b364b485551aed8787993ff4d264 retry=1/2: write process heartbeat: database is locked [boundary=-6,sqlite=5,extended=5,operation=step]
crexxrag lock retry=1/5: begin provider admission: database is locked [boundary=-6,sqlite=5,extended=5,operation=exec]
crexxrag lock retry=1/5: persist external provider state: database is locked [boundary=-6,sqlite=5,extended=5,operation=exec]
crexxrag lock retry=1/5: begin provider admission release: database is locked [boundary=-6,sqlite=5,extended=5,operation=exec]
crexxrag heartbeat worker-ee33817e45b1a2d9b89a3b8486a3d78c retry=1/2: write process heartbeat: database is locked [boundary=-6,sqlite=5,extended=5,operation=step]
crexxrag heartbeat controller-9ca4b364b485551aed8787993ff4d264 retry=1/2: write process heartbeat: database is locked [boundary=-6,sqlite=5,extended=5,operation=step]
crexxrag lock retry=1/5: begin provider reservation: database is locked [boundary=-6,sqlite=5,extended=5,operation=exec]
crexxrag heartbeat worker-896bf08769ce5f00c41ee17cbb621761 retry=1/2: write process heartbeat: database is locked [boundary=-6,sqlite=5,extended=5,operation=step]
crexxrag lock retry=1/5: begin provider reservation: database is locked [boundary=-6,sqlite=5,extended=5,operation=exec]
crexxrag lock retry=1/5: begin external provider run: database is locked [boundary=-6,sqlite=5,extended=5,operation=exec]
crexxrag heartbeat worker-ee33817e45b1a2d9b89a3b8486a3d78c retry=1/2: write process heartbeat: database is locked [boundary=-6,sqlite=5,extended=5,operation=step]
crexxrag heartbeat controller-9ca4b364b485551aed8787993ff4d264 retry=1/2: write process heartbeat: database is locked [boundary=-6,sqlite=5,extended=5,operation=step]
PANIC: Invalid UTF-8 in binary-to-string conversion (SIGNAL UNICODE_ERROR)
crexxrag worker failed [worker-eeaf2d2bfcee39b8117e9e8054b241ff] completed=1/8
crexxrag worker worker-eeaf2d2bfcee39b8117e9e8054b241ff: child process exited with code 9 after worker registration
