crexxrag controller start workers=8
crexxrag heartbeat worker-bf7c4f60475032f9dd350c01ffb289e1 retry=1/2: write process heartbeat: database is locked [boundary=-6,sqlite=5,extended=5,operation=step]
crexxrag heartbeat controller-2a68a64ff5b3389c4a155ed1ecb61bba retry=1/2: write process heartbeat: database is locked [boundary=-6,sqlite=5,extended=5,operation=step]
crexxrag heartbeat worker-cd12d65426e284cd00eacf49d396e428 retry=1/2: write process heartbeat: database is locked [boundary=-6,sqlite=5,extended=5,operation=step]
crexxrag heartbeat worker-f0183c0dbd66f7c9bead52e81451bcea retry=1/2: write process heartbeat: database is locked [boundary=-6,sqlite=5,extended=5,operation=step]
crexxrag heartbeat worker-4bc54aa4476e436479d547c08850a62d retry=1/2: write process heartbeat: database is locked [boundary=-6,sqlite=5,extended=5,operation=step]
crexxrag heartbeat worker-57fae363229e45eddd4eb3fa3a152a0c retry=1/2: write process heartbeat: database is locked [boundary=-6,sqlite=5,extended=5,operation=step]
crexxrag heartbeat worker-35405a7331693c145cf57cb2d51d8359 retry=1/2: write process heartbeat: database is locked [boundary=-6,sqlite=5,extended=5,operation=step]
crexxrag heartbeat worker-134a1ff85d3f6622de1b0aa92fd04a0f retry=1/2: write process heartbeat: database is locked [boundary=-6,sqlite=5,extended=5,operation=step]
crexxrag heartbeat worker-bf7c4f60475032f9dd350c01ffb289e1 retry=2/2: write process heartbeat: database is locked [boundary=-6,sqlite=5,extended=5,operation=step]
crexxrag heartbeat controller-2a68a64ff5b3389c4a155ed1ecb61bba retry=2/2: write process heartbeat: database is locked [boundary=-6,sqlite=5,extended=5,operation=step]
crexxrag heartbeat worker-cd12d65426e284cd00eacf49d396e428 retry=2/2: write process heartbeat: database is locked [boundary=-6,sqlite=5,extended=5,operation=step]
crexxrag heartbeat worker-f0183c0dbd66f7c9bead52e81451bcea retry=2/2: write process heartbeat: database is locked [boundary=-6,sqlite=5,extended=5,operation=step]
crexxrag heartbeat worker-4bc54aa4476e436479d547c08850a62d retry=2/2: write process heartbeat: database is locked [boundary=-6,sqlite=5,extended=5,operation=step]
crexxrag heartbeat worker-35405a7331693c145cf57cb2d51d8359 retry=2/2: write process heartbeat: database is locked [boundary=-6,sqlite=5,extended=5,operation=step]
crexxrag heartbeat worker-134a1ff85d3f6622de1b0aa92fd04a0f retry=2/2: write process heartbeat: database is locked [boundary=-6,sqlite=5,extended=5,operation=step]
crexxrag heartbeat worker-57fae363229e45eddd4eb3fa3a152a0c retry=2/2: write process heartbeat: database is locked [boundary=-6,sqlite=5,extended=5,operation=step]
crexxrag heartbeat worker-bf7c4f60475032f9dd350c01ffb289e1 retry=1/2: write process heartbeat: database is locked [boundary=-6,sqlite=5,extended=5,operation=step]
crexxrag heartbeat controller-2a68a64ff5b3389c4a155ed1ecb61bba retry=1/2: write process heartbeat: database is locked [boundary=-6,sqlite=5,extended=5,operation=step]
crexxrag heartbeat worker-cd12d65426e284cd00eacf49d396e428 retry=1/2: write process heartbeat: database is locked [boundary=-6,sqlite=5,extended=5,operation=step]
crexxrag heartbeat worker-f0183c0dbd66f7c9bead52e81451bcea retry=1/2: write process heartbeat: database is locked [boundary=-6,sqlite=5,extended=5,operation=step]
crexxrag heartbeat worker-4bc54aa4476e436479d547c08850a62d retry=1/2: write process heartbeat: database is locked [boundary=-6,sqlite=5,extended=5,operation=step]
crexxrag heartbeat worker-35405a7331693c145cf57cb2d51d8359 retry=1/2: write process heartbeat: database is locked [boundary=-6,sqlite=5,extended=5,operation=step]
crexxrag heartbeat worker-134a1ff85d3f6622de1b0aa92fd04a0f retry=1/2: write process heartbeat: database is locked [boundary=-6,sqlite=5,extended=5,operation=step]
crexxrag heartbeat worker-57fae363229e45eddd4eb3fa3a152a0c retry=1/2: write process heartbeat: database is locked [boundary=-6,sqlite=5,extended=5,operation=step]
crexxrag heartbeat worker-bf7c4f60475032f9dd350c01ffb289e1 retry=2/2: write process heartbeat: database is locked [boundary=-6,sqlite=5,extended=5,operation=step]
crexxrag heartbeat controller-2a68a64ff5b3389c4a155ed1ecb61bba retry=2/2: write process heartbeat: database is locked [boundary=-6,sqlite=5,extended=5,operation=step]
crexxrag heartbeat worker-cd12d65426e284cd00eacf49d396e428 retry=2/2: write process heartbeat: database is locked [boundary=-6,sqlite=5,extended=5,operation=step]
crexxrag heartbeat worker-f0183c0dbd66f7c9bead52e81451bcea retry=2/2: write process heartbeat: database is locked [boundary=-6,sqlite=5,extended=5,operation=step]
crexxrag heartbeat worker-4bc54aa4476e436479d547c08850a62d retry=2/2: write process heartbeat: database is locked [boundary=-6,sqlite=5,extended=5,operation=step]
crexxrag heartbeat worker-35405a7331693c145cf57cb2d51d8359 retry=2/2: write process heartbeat: database is locked [boundary=-6,sqlite=5,extended=5,operation=step]
crexxrag heartbeat worker-134a1ff85d3f6622de1b0aa92fd04a0f retry=2/2: write process heartbeat: database is locked [boundary=-6,sqlite=5,extended=5,operation=step]
crexxrag heartbeat worker-57fae363229e45eddd4eb3fa3a152a0c retry=2/2: write process heartbeat: database is locked [boundary=-6,sqlite=5,extended=5,operation=step]
crexxrag heartbeat worker-bf7c4f60475032f9dd350c01ffb289e1 retry=1/2: write process heartbeat: database is locked [boundary=-6,sqlite=5,extended=5,operation=step]
crexxrag heartbeat controller-2a68a64ff5b3389c4a155ed1ecb61bba retry=1/2: write process heartbeat: database is locked [boundary=-6,sqlite=5,extended=5,operation=step]
crexxrag heartbeat worker-cd12d65426e284cd00eacf49d396e428 retry=1/2: write process heartbeat: database is locked [boundary=-6,sqlite=5,extended=5,operation=step]
crexxrag heartbeat worker-f0183c0dbd66f7c9bead52e81451bcea retry=1/2: write process heartbeat: database is locked [boundary=-6,sqlite=5,extended=5,operation=step]
crexxrag heartbeat worker-4bc54aa4476e436479d547c08850a62d retry=1/2: write process heartbeat: database is locked [boundary=-6,sqlite=5,extended=5,operation=step]
crexxrag heartbeat worker-35405a7331693c145cf57cb2d51d8359 retry=1/2: write process heartbeat: database is locked [boundary=-6,sqlite=5,extended=5,operation=step]
crexxrag heartbeat worker-134a1ff85d3f6622de1b0aa92fd04a0f retry=1/2: write process heartbeat: database is locked [boundary=-6,sqlite=5,extended=5,operation=step]
crexxrag heartbeat worker-57fae363229e45eddd4eb3fa3a152a0c retry=1/2: write process heartbeat: database is locked [boundary=-6,sqlite=5,extended=5,operation=step]
crexxrag heartbeat worker-bf7c4f60475032f9dd350c01ffb289e1 retry=2/2: write process heartbeat: database is locked [boundary=-6,sqlite=5,extended=5,operation=step]
crexxrag heartbeat controller-2a68a64ff5b3389c4a155ed1ecb61bba retry=2/2: write process heartbeat: database is locked [boundary=-6,sqlite=5,extended=5,operation=step]
crexxrag heartbeat worker-cd12d65426e284cd00eacf49d396e428 retry=2/2: write process heartbeat: database is locked [boundary=-6,sqlite=5,extended=5,operation=step]
crexxrag heartbeat worker-f0183c0dbd66f7c9bead52e81451bcea retry=2/2: write process heartbeat: database is locked [boundary=-6,sqlite=5,extended=5,operation=step]
crexxrag heartbeat worker-35405a7331693c145cf57cb2d51d8359 retry=2/2: write process heartbeat: database is locked [boundary=-6,sqlite=5,extended=5,operation=step]
crexxrag heartbeat worker-4bc54aa4476e436479d547c08850a62d retry=2/2: write process heartbeat: database is locked [boundary=-6,sqlite=5,extended=5,operation=step]
crexxrag heartbeat worker-134a1ff85d3f6622de1b0aa92fd04a0f retry=2/2: write process heartbeat: database is locked [boundary=-6,sqlite=5,extended=5,operation=step]
crexxrag heartbeat worker-57fae363229e45eddd4eb3fa3a152a0c retry=2/2: write process heartbeat: database is locked [boundary=-6,sqlite=5,extended=5,operation=step]
crexxrag heartbeat worker-bf7c4f60475032f9dd350c01ffb289e1 retry=1/2: write process heartbeat: database is locked [boundary=-6,sqlite=5,extended=5,operation=step]
crexxrag heartbeat controller-2a68a64ff5b3389c4a155ed1ecb61bba retry=1/2: write process heartbeat: database is locked [boundary=-6,sqlite=5,extended=5,operation=step]
crexxrag heartbeat worker-cd12d65426e284cd00eacf49d396e428 retry=1/2: write process heartbeat: database is locked [boundary=-6,sqlite=5,extended=5,operation=step]
crexxrag heartbeat worker-f0183c0dbd66f7c9bead52e81451bcea retry=1/2: write process heartbeat: database is locked [boundary=-6,sqlite=5,extended=5,operation=step]
crexxrag heartbeat worker-134a1ff85d3f6622de1b0aa92fd04a0f retry=1/2: write process heartbeat: database is locked [boundary=-6,sqlite=5,extended=5,operation=step]
crexxrag heartbeat worker-4bc54aa4476e436479d547c08850a62d retry=1/2: write process heartbeat: database is locked [boundary=-6,sqlite=5,extended=5,operation=step]
crexxrag heartbeat worker-35405a7331693c145cf57cb2d51d8359 retry=1/2: write process heartbeat: database is locked [boundary=-6,sqlite=5,extended=5,operation=step]
crexxrag heartbeat worker-57fae363229e45eddd4eb3fa3a152a0c retry=1/2: write process heartbeat: database is locked [boundary=-6,sqlite=5,extended=5,operation=step]
crexxrag heartbeat worker-bf7c4f60475032f9dd350c01ffb289e1 retry=2/2: write process heartbeat: database is locked [boundary=-6,sqlite=5,extended=5,operation=step]
crexxrag heartbeat controller-2a68a64ff5b3389c4a155ed1ecb61bba retry=2/2: write process heartbeat: database is locked [boundary=-6,sqlite=5,extended=5,operation=step]
crexxrag heartbeat worker-cd12d65426e284cd00eacf49d396e428 retry=2/2: write process heartbeat: database is locked [boundary=-6,sqlite=5,extended=5,operation=step]
crexxrag heartbeat worker-f0183c0dbd66f7c9bead52e81451bcea retry=2/2: write process heartbeat: database is locked [boundary=-6,sqlite=5,extended=5,operation=step]
crexxrag heartbeat worker-134a1ff85d3f6622de1b0aa92fd04a0f retry=2/2: write process heartbeat: database is locked [boundary=-6,sqlite=5,extended=5,operation=step]
crexxrag heartbeat worker-4bc54aa4476e436479d547c08850a62d retry=2/2: write process heartbeat: database is locked [boundary=-6,sqlite=5,extended=5,operation=step]
crexxrag heartbeat worker-35405a7331693c145cf57cb2d51d8359 retry=2/2: write process heartbeat: database is locked [boundary=-6,sqlite=5,extended=5,operation=step]
crexxrag heartbeat worker-57fae363229e45eddd4eb3fa3a152a0c retry=2/2: write process heartbeat: database is locked [boundary=-6,sqlite=5,extended=5,operation=step]
crexxrag controller controller-2a68a64ff5b3389c4a155ed1ecb61bba: write process heartbeat: database is locked [boundary=-6,sqlite=5,extended=5,operation=step];heartbeat_attempts=3
crexxrag worker worker-cd12d65426e284cd00eacf49d396e428: write process heartbeat: database is locked [boundary=-6,sqlite=5,extended=5,operation=step];heartbeat_attempts=3
crexxrag worker worker-f0183c0dbd66f7c9bead52e81451bcea: write process heartbeat: database is locked [boundary=-6,sqlite=5,extended=5,operation=step];heartbeat_attempts=3
crexxrag worker worker-4bc54aa4476e436479d547c08850a62d: write process heartbeat: database is locked [boundary=-6,sqlite=5,extended=5,operation=step];heartbeat_attempts=3
crexxrag worker worker-134a1ff85d3f6622de1b0aa92fd04a0f: write process heartbeat: database is locked [boundary=-6,sqlite=5,extended=5,operation=step];heartbeat_attempts=3
crexxrag worker worker-35405a7331693c145cf57cb2d51d8359: write process heartbeat: database is locked [boundary=-6,sqlite=5,extended=5,operation=step];heartbeat_attempts=3
crexxrag worker worker-57fae363229e45eddd4eb3fa3a152a0c: write process heartbeat: database is locked [boundary=-6,sqlite=5,extended=5,operation=step];heartbeat_attempts=3
crexxrag worker worker-bf7c4f60475032f9dd350c01ffb289e1: write process heartbeat: database is locked [boundary=-6,sqlite=5,extended=5,operation=step];heartbeat_attempts=3
crexxrag controller: write process heartbeat: database is locked [boundary=-6,sqlite=5,extended=5,operation=step];heartbeat_attempts=3
