Test project /Users/adrian/CLionProjects/crexx-rag/cmake-build-debug
    Start  4: regression_job_deadline
1/4 Test  #4: regression_job_deadline ..........***Failed    2.09 sec
CMake Error at /Users/adrian/CLionProjects/crexx-rag/cmake/SourceMaintenance.cmake:29 (message):
  Source maintenance command failed (expected 4, got 2): ERROR parse [usage]:
  unknown operation job deadline

Call Stack (most recent call first):
  /Users/adrian/CLionProjects/crexx-rag/cmake/JobDeadline.cmake:5 (cli)
  /Users/adrian/CLionProjects/crexx-rag/cmake/SourceMaintenance.cmake:99 (include)



    Start 63: regression_large_job
2/4 Test #63: regression_large_job .............***Failed    0.48 sec
CMake Error at /Users/adrian/CLionProjects/crexx-rag/cmake/PublicRegression.cmake:216 (message):
  Job list contains plan body on json: 66275 bytes



    Start 67: regression_reset_retries
3/4 Test #67: regression_reset_retries .........***Failed    0.47 sec
CMake Error at /Users/adrian/CLionProjects/crexx-rag/cmake/PublicRegression.cmake:33 (message):
  SQL fixture/assertion failed: INSERT INTO
  jobs(job_id,plan_digest,canonical_plan,config_snapshot_id,state,item_budget,model_call_budget,input_token_budget,output_token_budget,cost_budget,created_at,updated_at)
  SELECT
  'second','plan','{}',config_snapshot_id,'paused',10,20,8192,1024,1000000,'fixture','fixture'
  FROM config_snapshots LIMIT 1; INSERT INTO
  job_items(item_id,job_id,item_type,state,priority,fence,idempotency_key,input_hash,input_json,created_at,updated_at)
  VALUES('second-item','second','claim-extraction','dead_letter',1,3,'second-key','hash','{}','fixture','fixture');
  WITH RECURSIVE n(i) AS(VALUES(1) UNION ALL SELECT i+1 FROM n WHERE i<3)
  INSERT INTO
  attempts(attempt_id,item_id,worker_id,fence,input_hash,validation_state,outcome,started_at,completed_at)
  SELECT 'second-attempt-'||i,'second-item','historic',i,'hash','transport
  timeout','failed','fixture','fixture' FROM n; INSERT INTO
  job_events(job_id,event_type,message,occurred_at)
  VALUES('second','budget-policy','{"maximum_attempts":3}','fixture');

  Expected ; got

  Error: stepping, UNIQUE constraint failed: jobs.plan_digest (19)

Call Stack (most recent call first):
  /Users/adrian/CLionProjects/crexx-rag/cmake/JobRetryReset.cmake:3 (sql)
  /Users/adrian/CLionProjects/crexx-rag/cmake/PublicRegression.cmake:201 (include)



    Start 78: native_retry_reset
4/4 Test #78: native_retry_reset ...............***Failed    8.05 sec
CMake Error at /Users/adrian/CLionProjects/crexx-rag/cmake/NativeLifecycle.cmake:55 (message):
  Lifecycle command failed:
  --access;control;job;reset-retries;job-maintenance:9f6cee1a4ef20bc8899ae005573b7478997debe2ce051dd91a31e46b8a023251

  ERROR parse [usage]: unknown operation job reset-retries

Call Stack (most recent call first):
  /Users/adrian/CLionProjects/crexx-rag/cmake/NativeLifecycle.cmake:322 (run_cli)




0% tests passed, 4 tests failed out of 4

Label Time Summary:
RAG-UX-02          =   0.48 sec*proc (1 test)
lifecycle          =   8.05 sec*proc (1 test)
loopback           =   8.05 sec*proc (1 test)
maintenance        =   2.09 sec*proc (1 test)
native             =   8.99 sec*proc (3 tests)
public-contract    =   0.94 sec*proc (2 tests)
recovery           =   8.05 sec*proc (1 test)
regression         =  11.08 sec*proc (4 tests)
source             =   2.09 sec*proc (1 test)
zero-outbound      =   3.03 sec*proc (3 tests)

Total Test time (real) =  11.08 sec

The following tests FAILED:
	  4 - regression_job_deadline (Failed)                  maintenance regression source zero-outbound
	 63 - regression_large_job (Failed)                     RAG-UX-02 native public-contract regression zero-outbound
	 67 - regression_reset_retries (Failed)                 native public-contract regression zero-outbound
	 78 - native_retry_reset (Failed)                       lifecycle loopback native recovery regression
Errors while running CTest
