DIAGNOSTIC batch_items=100
SQLITE_VERSION=3.53.2
CENSUS_SELECT=alias-resolution rows=100 us=4295
SCAN_KIND=alias-resolution rows=100 us=6101237
CENSUS_SELECT=claim-conflict rows=0 us=14
SCAN_KIND=claim-conflict rows=0 us=16
CENSUS_SELECT=analysis-lead rows=100 us=12019
SCAN_KIND=analysis-lead rows=100 us=4656759
CENSUS_SELECT=query-gap rows=16 us=178
SCAN_KIND=query-gap rows=16 us=77645
CENSUS_SELECT=sparse-node rows=100 us=356
SCAN_KIND=sparse-node rows=100 us=8384055
CENSUS_SELECT=concept-review rows=100 us=2586
SCAN_KIND=concept-review rows=100 us=8639044
CENSUS_SELECT=embedding-repair:embedding-768-203113f9024a rows=0 us=1285182
SCAN_KIND=embedding-repair:embedding-768-203113f9024a rows=0 us=1285191
CENSUS_SELECT=identity-review rows=100 us=3015938
SCAN_KIND=identity-review rows=100 us=41486687
WORKFLOW=workflow:task:03d090912be54bac0db3cf51867a0b32b59a33607e5bcfebfadaaa3c586e633b us=156981
WORKFLOW=workflow:task:0944d0fc6d389a41b4f3fd92177f8c9614b58c4cca79352d0be7c021195c72e1 us=166067
WORKFLOW=workflow:task:10e1b4a5f60cd9ad3221cf96fa54311b55e3e7c2ed45a8ad652828ad6be27711 us=144912
WORKFLOW=workflow:task:15b013a157851d4ed55497f7d7d36b4177ebab692c19e821d459a371af3d5fa7 us=135230
WORKFLOW=workflow:task:1615ffa4358e1fd57c682e43bfe2a8cec374f75ff22720318f5d93d3d7fbad11 us=117228
WORKFLOW=workflow:task:1df0684aaaf6a3c82c0a192aaf041a3ff64b6716855fa9a7271018284e03c10b us=124292
WORKFLOW=workflow:task:3781b51026309e947f265bad1ed35aae91d3d10b411df51b00d0b36b7deb3501 us=122647
WORKFLOW=workflow:task:39b09f52242d88542a29e103453926649e0880b76606c29cc43fc570c307f83a us=159571
WORKFLOW=workflow:task:39b5cee9dc0ad069fa8c7bd9b28a9ec7695227b469198a336d96ec9bedcbd22b us=113898
WORKFLOW=workflow:task:4444069d6c9e07371b41806b0f2db66aa3c283c19b36f595c7151b6e2bb2a7fb us=121208
WORKFLOW=workflow:task:4b81b1089ec4996a67138e574c2c681b38836e63cc1f27a41f8cf24f42b76ad9 us=113829
WORKFLOW=workflow:task:4dd891b79969ae2d3dc73c8b053399257b58b2f69a5860e0953151f7b8ecf778 us=177540
WORKFLOW=workflow:task:4fc732789bfb7e97a2f289451efbc091438630899ca37350c0c9c6609eb5d87e us=110758
WORKFLOW=workflow:task:5c0d7ed4fb99fe3193508b20f2571388c7e8eea4fdb10f027d8ad2073eed0b7f us=122341
WORKFLOW=workflow:task:66151eff9bc721a035a2b76c13bee43e279b27adaaead2b651f219543d5593e0 us=108596
WORKFLOW=workflow:task:688d92387fe5b703c047fe103e8b585405875cf663ce2be104f854e0afc3901a us=111161
WORKFLOW=workflow:task:68be721dcd9d562a9a4445cb997801170cf5f28cda83496d89a138d7b0993f2b us=112066
WORKFLOW=workflow:task:722351afb800b0565bf3342e9efafe6f4664c83ea84d1a6c7c58576914fd8180 us=195948
WORKFLOW=workflow:task:735a64a427c0e486d670e5f946684f0877ea14c222e2cd41d3560537c706e114 us=112533
WORKFLOW=workflow:task:796129d39f743c9b25d5f510d1934623ae0528f8be10e8ddceb6d9a49accadd9 us=111050
WORKFLOW=workflow:task:8209c59460e464533bff8a5e5508164e7f443356084d7845605a5eda42692539 us=113191
WORKFLOW=workflow:task:825af76c349aead26a6eb8279941ac3b6ee903c6ca9643cde40f32684a421d11 us=107799
WORKFLOW=workflow:task:83cf2a5427686f314a78723d08ffac9de5c06138fc9523ef7a919eea9f7ba308 us=107117
WORKFLOW=workflow:task:874950c26f6c374471b56835473cd4ca102249930e5623d94154c3a8cc7accaf us=156116
WORKFLOW=workflow:task:8d1a68cd3a32036676bcfc769e61447847acb2316aed5e6ff88bfe19b9770b21 us=69208
WORKFLOW=workflow:task:8ebe867fec0de4b6ca4ada82013716ce93be451e54dd7ebee0a4064d6888a221 us=73801
WORKFLOW=workflow:task:950a63e6bc7b48a9c35436afb0e6adf7c417ae0ac7d778d97f8b933800f35e00 us=168995
WORKFLOW=workflow:task:9ca6e0b265d2e97152a5162c9ac00676dddee698dedbbfa5b518a27ab0eac34b us=126585
WORKFLOW=workflow:task:b32a3a654d4892325ec8e6dfa40019ae61a5c026d8b97915e1f64a632c9b4811 us=117804
WORKFLOW=workflow:task:bad8ec19114c0112ae1a5866eb42c2b52b33dc82d7068d383f5faa3469ef2fd1 us=118267
WORKFLOW=workflow:task:bd3ad7c57d808585dfc57e3c1e11bde00d8af869441a151b717e3744fa8081a6 us=107735
WORKFLOW=workflow:task:bd99ea10e6bfdc2b66a8493c177997132c74a189783f2740b51505916107aa9b us=172442
WORKFLOW=workflow:task:c3d9f010860d1dbc0601afa59001d566ffda4a862a3a24322a0c4a66f523e8a4 us=144308
WORKFLOW=workflow:task:c66c8079057bb91fc76ca2998df3d8d53d858657e5bbc8d68747066de9f48fc1 us=114481
WORKFLOW=workflow:task:c85c9dd2bc505bf658cdd0e755a48fd384b61d0ac0521d51e18f72c5fb70018f us=114091
WORKFLOW=workflow:task:d5305ef37c577802e2656afe5d08ca859e9074c478c69ec6b6731829e34916b1 us=111097
WORKFLOW=workflow:task:d5f1dc1f20ea265b1b7b069464055f58aa2d8677865ae2653a81e3bf645f7696 us=66917
WORKFLOW=workflow:task:da79d84122a7a6604c2c11534589d5992f9cb3317e3afe2dedf65d67f2a3f3f6 us=108188
WORKFLOW=workflow:task:dae8f90a6e7bdf6ce612d68b1b77d15b7fc8bc002e8d954e9065823a15b19d14 us=152421
WORKFLOW=workflow:task:e5d5fc995d41a0bb462931b45a310af7a56c8dc2e69fbae24d750288c9779315 us=125953
WORKFLOW=workflow:task:eb934a7dfaf605e1725df4593eab51c6c19f4d47c68b28202ad66b943b257665 us=164994
WORKFLOW=workflow:task:f51db640ac3a895f71f89fe053fc07687a75c8ef063f807f6677ecbf8fa95f57 us=107577
WORKFLOW=workflow:task:f91800ef2fde87e9196af3255c6735164513abcda08ca04042b1952dea6f4e57 us=105495
WORKFLOW=workflow:task:fa763830c70d71f3888710d77c22c20294dee71ea03b1f71153c3a2ac99ba0b8 us=114989
SCAN_TOTAL_US=76139261 status=1 error=
TASK_SEMANTIC_DIGEST=fbb873b6f435bc287c4a1741e265de7823a4a5356c41e10a7dce4b2a46dca608
TASK_COUNT=52583
profile result=0
